


ARM Macro Assembler    Page 1 


    1 00000000                 PRESERVE8
    2 00000000                 THUMB
    3 00000000                 export           callbackson
    4 00000000                 import           Son
    5 00000000                 import           LongueurSon
    6 00000000                 export           index
    7 00000000         
    8 00000000         
    9 00000000         ; ====================== zone de réservation de données,
                         ======================================
   10 00000000         ;Section RAM (read only) :
   11 00000000                 area             mesdata,data,readonly
   12 00000000         
   13 00000000         
   14 00000000         ;Section RAM (read write):
   15 00000000                 area             maram,data,readwrite
   16 00000000         
   17 00000000 00 00   sortieson
                               dcw              0
   18 00000002 00 00   index   dcw              0
   19 00000004                 export           sortieson
   20 00000004         
   21 00000004         ; ======================================================
                       =========================================
   22 00000004         
   23 00000004         ;;int sortieson=0;
   24 00000004         ;;static int index =0;
   25 00000004         ;;void callbackson(void)
   26 00000004         ;;{
   27 00000004         ;; if(index<LongueurSon){
   28 00000004         ;;  sortieson=((Son[index]+32768)/(32768+32767))*720;
   29 00000004         ;;  index++;
   30 00000004         ;; }
   31 00000004         ;;}
   32 00000004         
   33 00000004         
   34 00000004         ;Section ROM code (read only) :  
   35 00000004                 area             moncode,code,readonly
   36 00000000         ; écrire le code ici  
   37 00000000         
   38 00000000         callbackson
                               PROC
   39 00000000         
   40 00000000 480A            ldr              r0,=index
   41 00000002 490B            ldr              r1,=LongueurSon
   42 00000004 6802            ldr              r2,[r0]
   43 00000006 680B            ldr              r3,[r1]
   44 00000008         
   45 00000008 429A            cmp              r2,r3
   46 0000000A         
   47 0000000A DA0D            bge              Exit        ;si index>=Longueur
                                                            Son, on sort
   48 0000000C         
   49 0000000C 4C09            ldr              r4,=Son
   50 0000000E F934 5012       ldrsh            r5,[r4,r2,lsl #1]
   51 00000012         
   52 00000012 F505 4500       add              r5,#32768
   53 00000016 F04F 065B       mov              r6,#91
   54 0000001A FBB5 F5F6       udiv             r5,r5,r6



ARM Macro Assembler    Page 2 


   55 0000001E         
   56 0000001E 4F06            ldr              r7,=sortieson
   57 00000020 803D            strh             r5,[r7]
   58 00000022         
   59 00000022 F102 0201       add              r2,#1
   60 00000026 8002            strh             r2,[r0]
   61 00000028         
   62 00000028         Exit
   63 00000028 4770            bx               lr
   64 0000002A                 ENDP
   65 0000002A         
   66 0000002A                 END
              00 00 00000000 
              00000000 
              00000000 
              00000000 
Command Line: --debug --xref --diag_suppress=9931 --cpu=Cortex-M3 --apcs=interw
ork --depend=.\obj\gestionson.d -o.\obj\gestionson.o -I.\RTE\_Simu -IC:\Program
data\Keil\Arm\Packs\ARM\CMSIS\5.7.0\CMSIS\Core\Include -IC:\Programdata\Keil\Ar
m\Packs\Keil\STM32F1xx_DFP\2.3.0\Device\Include --predefine="__EVAL SETA 1" --p
redefine="__MICROLIB SETA 1" --predefine="__UVISION_VERSION SETA 534" --predefi
ne="_RTE_ SETA 1" --predefine="STM32F10X_MD SETA 1" --predefine="_RTE_ SETA 1" 
--list=gestionson.lst Src\GestionSon.s



ARM Macro Assembler    Page 1 Alphabetic symbol ordering
Relocatable symbols

mesdata 00000000

Symbol: mesdata
   Definitions
      At line 11 in file Src\GestionSon.s
   Uses
      None
Comment: mesdata unused
1 symbol



ARM Macro Assembler    Page 1 Alphabetic symbol ordering
Relocatable symbols

index 00000002

Symbol: index
   Definitions
      At line 18 in file Src\GestionSon.s
   Uses
      At line 6 in file Src\GestionSon.s
      At line 40 in file Src\GestionSon.s

maram 00000000

Symbol: maram
   Definitions
      At line 15 in file Src\GestionSon.s
   Uses
      None
Comment: maram unused
sortieson 00000000

Symbol: sortieson
   Definitions
      At line 17 in file Src\GestionSon.s
   Uses
      At line 19 in file Src\GestionSon.s
      At line 56 in file Src\GestionSon.s

3 symbols



ARM Macro Assembler    Page 1 Alphabetic symbol ordering
Relocatable symbols

Exit 00000028

Symbol: Exit
   Definitions
      At line 62 in file Src\GestionSon.s
   Uses
      At line 47 in file Src\GestionSon.s
Comment: Exit used once
callbackson 00000000

Symbol: callbackson
   Definitions
      At line 38 in file Src\GestionSon.s
   Uses
      At line 3 in file Src\GestionSon.s
Comment: callbackson used once
moncode 00000000

Symbol: moncode
   Definitions
      At line 35 in file Src\GestionSon.s
   Uses
      None
Comment: moncode unused
3 symbols



ARM Macro Assembler    Page 1 Alphabetic symbol ordering
External symbols

LongueurSon 00000000

Symbol: LongueurSon
   Definitions
      At line 5 in file Src\GestionSon.s
   Uses
      At line 41 in file Src\GestionSon.s
Comment: LongueurSon used once
Son 00000000

Symbol: Son
   Definitions
      At line 4 in file Src\GestionSon.s
   Uses
      At line 49 in file Src\GestionSon.s
Comment: Son used once
2 symbols
346 symbols in table
